hsFigure_1	EyeSocket_1	part.mtl	0	0	1
hsFigure_1	Eyebrows_1	part.mtl	0	0	1
hsFigure_1	Eyelashes_1	part.mtl	0	0	1
hsFigure_1	Fingernails_1	part.mtl	1	0	1
hsFigure_1	Gums_1	part.mtl	0	0	1
hsFigure_1	Hem_1	part.mtl	0	0	1
hsFigure_1	InnerMouth_1	part.mtl	0	0	1
hsFigure_1	LCornea_1	part.mtl	0	0	1
hsFigure_1	LEyewhite_1	part.mtl	2	0	1
hsFigure_1	LIris_1	part.mtl	0	0	1
hsFigure_1	LPupil_1	part.mtl	0	0	1
hsFigure_1	Lacrimal_1	part.mtl	0	0	1
hsFigure_1	Lips_1	part.mtl	3	0	1
hsFigure_1	Nipples_1	part.mtl	0	0	1
hsFigure_1	Nostrils_1	part.mtl	3	0	1
hsFigure_1	RCornea_1	part.mtl	0	0	1
hsFigure_1	REyewhite_1	part.mtl	2	0	1
hsFigure_1	RIris_1	part.mtl	0	0	1
hsFigure_1	RPupil_1	part.mtl	0	0	1
hsFigure_1	SkinArm_1	part.mtl	1	0	1
hsFigure_1	SkinFeet_1	part.mtl	1	0	1
hsFigure_1	SkinForearm_1	part.mtl	1	0	1
hsFigure_1	SkinHand_1	part.mtl	1	0	1
hsFigure_1	SkinHead_1	part.mtl	3	0	1
hsFigure_1	SkinHip_1	part.mtl	1	0	1
hsFigure_1	SkinLeg_1	part.mtl	1	0	1
hsFigure_1	SkinNeck_1	part.mtl	3	0	1
hsFigure_1	SkinScalp_1	part.mtl	1	0	1
hsFigure_1	SkinTorso_1	part.mtl	1	0	1
hsFigure_1	Teeth_1	part.mtl	0	0	1
hsFigure_1	Toenails_1	part.mtl	1	0	1
hsFigure_1	Tongue_1	part.mtl	3	0	1
hsFigure_1	hair_1	part.mtl	4	0	1
hsFigure_1	wire_087224143	part.mtl	5	0	1
hssdShoes	wire_006134006	part.mtl	6	0	1
obj_07	wire_086086086	part.mtl	5	0	1
no_group	no_usemtl	part.mtl	0	0	1
obj_07	no_usemtl	part.mtl	0	0	1
hsFigure_1	wire_086086086	part.mtl	0	0	1
hssdShoes	Lacrimal_1	part.mtl	0	0	1

