no_group		no_usemtl				part.mtl			0			0			1
ch29_31			no_usemtl				part.mtl			0			0			1
ch29_31			ch327_Oak__tnt_			part.mtl			0			0			1
ch29_32			ch327_Oak__tnt_			part.mtl			0			0			1
ch29_33			ch327_Oak__tnt_			part.mtl			0			0			1
ch29_35			ch327_Oak__tnt_			part.mtl			0			0			1
ch29_36			ch327_Oak__tnt_			part.mtl			0			0			1
ch29_37			ch327_Oak__tnt_			part.mtl			0			0			1
ch29_38			ch327_Oak__tnt_			part.mtl			0			0			1
ch29_39			ch327_Oak__tnt_			part.mtl			0			0			1
ch29_39			Copper_bolts__max_		part.mtl			1			0			1
ch29_40			Copper_bolts__max_		part.mtl			1			0			1
ch29_41			Copper_bolts__max_		part.mtl			1			0			1
ch29_42			Copper_bolts__max_		part.mtl			1			0			1
ch29_43			Copper_bolts__max_		part.mtl			1			0			1
ch29_44			Copper_bolts__max_		part.mtl			1			0			1
ch29_45			Copper_bolts__max_		part.mtl			1			0			1
ch29_45			ch327_Oak__tnt_			part.mtl			2			0			1
ch29_45			eg_krydsfiner			part.mtl			3			0			1
ch29_46			eg_krydsfiner			part.mtl			3			0			1
ch29_46			ch29_seat__tnt_			part.mtl			3			0			1
