Object01	_null__1	part.mtl	0	0	1
sf09Figure_2	1_EyeSocket_1	part.mtl	1	0	1
sf09Figure_2	1_Lip_1	part.mtl	2	0	1
sf09Figure_2	1_Nostril_1	part.mtl	1	0	1
sf09Figure_2	1_SkinFace_1	part.mtl	2	0	1
sf09Figure_2	2_Nipple_1	part.mtl	1	0	1
sf09Figure_2	2_SkinHead_1	part.mtl	3	0	1
sf09Figure_2	2_SkinHip_1	part.mtl	3	0	1
sf09Figure_2	2_SkinNeck_1	part.mtl	3	0	1
sf09Figure_2	2_SkinTorso_1	part.mtl	3	0	1
sf09Figure_2	3_Fingernail_1	part.mtl	4	0	1
sf09Figure_2	3_SkinArm_1	part.mtl	4	0	1
sf09Figure_2	3_SkinFoot_1	part.mtl	4	0	1
sf09Figure_2	3_SkinForearm_1	part.mtl	4	0	1
sf09Figure_2	3_SkinHand_1	part.mtl	4	0	1
sf09Figure_2	3_SkinLeg_1	part.mtl	4	0	1
sf09Figure_2	3_Toenail_1	part.mtl	5	0	1
sf09Figure_2	4_Gums_1	part.mtl	1	0	1
sf09Figure_2	4_InnerMouth_1	part.mtl	1	0	1
sf09Figure_2	4_Teeth_1	part.mtl	1	0	1
sf09Figure_2	4_Tongue_1	part.mtl	1	0	1
sf09Figure_2	5_Cornea_1	part.mtl	1	0	1
sf09Figure_2	5_Iris_1	part.mtl	1	0	1
sf09Figure_2	5_Lacrimal_1	part.mtl	1	0	1
sf09Figure_2	5_Pupil_1	part.mtl	6	0	1
sf09Figure_2	5_Sclera_1	part.mtl	1	0	1
sf09Figure_2	6_Eyelash_1	part.mtl	1	0	1
sf09Figure_2	7_Tear_1	part.mtl	1	0	1
sf09Figure_2	wire_225143087	part.mtl	1	0	1
sf09Figure_4	heel_2	part.mtl	1	0	1
sf09Figure_4	heeltip_2	part.mtl	1	0	1
sf09Figure_4	sole1_2	part.mtl	1	0	1
sf09Figure_4	sole2_2	part.mtl	1	0	1
sf09Figure_4	straps_2	part.mtl	1	0	1
sf09Figure_5	cigarette_3	part.mtl	7	0	1
sf09Figure_5	dog_end_3	part.mtl	1	0	1
sf09Figure_6	HairBase_4	part.mtl	8	0	1
sf09Figure_6	HairMid_4	part.mtl	9	0	1
sf09Figure_6	HairStrands_4	part.mtl	10	0	1
sf09Figure_7	ring1_5	part.mtl	1	0	1
sf09Figure_7	ring2_5	part.mtl	1	0	1
sf09Figure_7	ring3_5	part.mtl	1	0	1
sf09Figure_7	ring4_5	part.mtl	1	0	1
no_group	no_usemtl	part.mtl	1	0	1
sf09Figure_2	no_usemtl	part.mtl	1	0	1
sf09Figure_4	3_Toenail_1	part.mtl	1	0	1
sf09Figure_5	sole2_2	part.mtl	1	0	1
sf09Figure_6	cigarette_3	part.mtl	1	0	1
sf09Figure_7	HairStrands_4	part.mtl	1	0	1
Object01	ring1_5	part.mtl	1	0	1

