objFigure_2	EyeSocket_1	part.mtl	0	0	1
objFigure_2	Eyebrows_1	part.mtl	0	0	1
objFigure_2	Eyelashes_1	part.mtl	0	0	1
objFigure_2	Fingernails_1	part.mtl	1	0	1
objFigure_2	Gums_1	part.mtl	0	0	1
objFigure_2	InnerMouth_1	part.mtl	0	0	1
objFigure_2	LCornea_1	part.mtl	0	0	1
objFigure_2	LEyewhite_1	part.mtl	2	0	1
objFigure_2	LIris_1	part.mtl	0	0	1
objFigure_2	LPupil_1	part.mtl	0	0	1
objFigure_2	Lacrimal_1	part.mtl	0	0	1
objFigure_2	Lips_1	part.mtl	3	0	1
objFigure_2	Nipples_1	part.mtl	1	0	1
objFigure_2	Nostrils_1	part.mtl	4	0	1
objFigure_2	PubicHair_1	part.mtl	0	0	1
objFigure_2	RCornea_1	part.mtl	0	0	1
objFigure_2	REyewhite_1	part.mtl	2	0	1
objFigure_2	RIris_1	part.mtl	0	0	1
objFigure_2	RPupil_1	part.mtl	0	0	1
objFigure_2	SkinArm_1	part.mtl	1	0	1
objFigure_2	SkinFeet_1	part.mtl	1	0	1
objFigure_2	SkinForearm_1	part.mtl	1	0	1
objFigure_2	SkinHand_1	part.mtl	1	0	1
objFigure_2	SkinHead_1	part.mtl	4	0	1
objFigure_2	SkinHip_1	part.mtl	1	0	1
objFigure_2	SkinLeg_1	part.mtl	1	0	1
objFigure_2	SkinNeck_1	part.mtl	4	0	1
objFigure_2	SkinScalp_1	part.mtl	0	0	1
objFigure_2	SkinTorso_1	part.mtl	1	0	1
objFigure_2	Teeth_1	part.mtl	0	0	1
objFigure_2	Toenails_1	part.mtl	1	0	1
objFigure_2	Tongue_1	part.mtl	0	0	1
objFigure_3	InnerBangs_2	part.mtl	5	0	1
objFigure_3	Inner_2	part.mtl	5	0	1
objFigure_3	Middle_2	part.mtl	5	0	1
objFigure_3	OuterBangs_2	part.mtl	5	0	1
objFigure_3	Outer_2	part.mtl	5	0	1
objFigure_3	Scull_2	part.mtl	0	0	1
objdefault	wire_154215229	part.mtl	5	0	1
no_group	no_usemtl	part.mtl	0	0	1
objdefault	no_usemtl	part.mtl	0	0	1
objFigure_2	wire_154215229	part.mtl	0	0	1
objFigure_3	SkinFeet_1	part.mtl	0	0	1

