Object06	wire_196088225	part.mtl	0	0	1
objTrigger	wire_196088225	part.mtl	1	0	1
objMagazine	wire_177148026	part.mtl	1	0	1
objBM_Shell	MagCatch	part.mtl	2	0	1
objBM_Shell	Frame	part.mtl	2	0	1
objBM_Led	MagCatch	part.mtl	2	0	1
objSlide	Frame	part.mtl	1	0	1
objSlide	wire_085028177	part.mtl	1	0	1
objSlide	SlideLatch	part.mtl	1	0	1
objSlide	Pins	part.mtl	1	0	1
objHammer	MagCatch	part.mtl	1	0	1
objB_Shell	MagCatch	part.mtl	2	0	1
objB_Shell	Frame	part.mtl	2	0	1
objB_Led	MagCatch	part.mtl	2	0	1
Object01	wire_196088225	part.mtl	1	0	1
Object02	wire_196088225	part.mtl	1	0	1
Object03	wire_085028177	part.mtl	1	0	1
Object04	wire_196088225	part.mtl	1	0	1
Object05	wire_196088225	part.mtl	2	0	1
objTT30	wire_196088225	part.mtl	1	0	1
no_group	no_usemtl	part.mtl	2	0	1
Object06	no_usemtl	part.mtl	2	0	1
objMagazine	wire_196088225	part.mtl	2	0	1
objBM_Shell	wire_177148026	part.mtl	2	0	1
objBM_Led	Frame	part.mtl	2	0	1
objSlide	MagCatch	part.mtl	2	0	1
objHammer	Pins	part.mtl	2	0	1
objB_Led	Frame	part.mtl	2	0	1
Object01	MagCatch	part.mtl	2	0	1
Object03	wire_196088225	part.mtl	2	0	1
Object04	wire_085028177	part.mtl	2	0	1

